Copyright 1986-2019 Xilinx, Inc. All Rights Reserved.
------------------------------------------------------------------------------------------------
| Tool Version : Vivado v.2018.3.1 (win64) Build 2489853 Tue Mar 26 04:20:25 MDT 2019
| Date         : Wed Mar 31 03:34:44 2021
| Host         : BA3145WS01 running 64-bit major release  (build 9200)
| Command      : report_clock_utilization -file canteloupe_wrapper_clock_utilization_routed.rpt
| Design       : canteloupe_wrapper
| Device       : 7a100t-csg324
| Speed File   : -1  PRODUCTION 1.23 2018-06-13
------------------------------------------------------------------------------------------------

Clock Utilization Report

Table of Contents
-----------------
1. Clock Primitive Utilization
2. Global Clock Resources
3. Global Clock Source Details
4. Local Clock Details
5. Clock Regions: Key Resource Utilization
6. Clock Regions : Global Clock Summary
7. Device Cell Placement Summary for Global Clock g0
8. Device Cell Placement Summary for Global Clock g1
9. Device Cell Placement Summary for Global Clock g2
10. Device Cell Placement Summary for Global Clock g3
11. Device Cell Placement Summary for Global Clock g4
12. Device Cell Placement Summary for Global Clock g5
13. Device Cell Placement Summary for Global Clock g6
14. Device Cell Placement Summary for Global Clock g7
15. Device Cell Placement Summary for Global Clock g8
16. Device Cell Placement Summary for Global Clock g9
17. Device Cell Placement Summary for Global Clock g10
18. Clock Region Cell Placement per Global Clock: Region X0Y0
19. Clock Region Cell Placement per Global Clock: Region X1Y0
20. Clock Region Cell Placement per Global Clock: Region X0Y1
21. Clock Region Cell Placement per Global Clock: Region X1Y1
22. Clock Region Cell Placement per Global Clock: Region X0Y2
23. Clock Region Cell Placement per Global Clock: Region X1Y2
24. Clock Region Cell Placement per Global Clock: Region X0Y3
25. Clock Region Cell Placement per Global Clock: Region X1Y3

1. Clock Primitive Utilization
------------------------------

+----------+------+-----------+-----+--------------+--------+
| Type     | Used | Available | LOC | Clock Region | Pblock |
+----------+------+-----------+-----+--------------+--------+
| BUFGCTRL |    8 |        32 |   0 |            0 |      0 |
| BUFH     |    1 |        96 |   0 |            0 |      0 |
| BUFIO    |    0 |        24 |   0 |            0 |      0 |
| BUFMR    |    0 |        12 |   0 |            0 |      0 |
| BUFR     |    2 |        24 |   0 |            0 |      0 |
| MMCM     |    2 |         6 |   1 |            0 |      0 |
| PLL      |    1 |         6 |   1 |            0 |      0 |
+----------+------+-----------+-----+--------------+--------+


2. Global Clock Resources
-------------------------

+-----------+-----------+-----------------+------------+----------------+--------------+-------------------+-------------+-----------------+--------------+---------------------------------------------------------------------------------------------------------------------+------------------------------------------------------------------------------------------------------------------------------------------+-------------------------------------------------------------------------------------------------------------------------------------+
| Global Id | Source Id | Driver Type/Pin | Constraint | Site           | Clock Region | Load Clock Region | Clock Loads | Non-Clock Loads | Clock Period | Clock                                                                                                               | Driver Pin                                                                                                                               | Net                                                                                                                                 |
+-----------+-----------+-----------------+------------+----------------+--------------+-------------------+-------------+-----------------+--------------+---------------------------------------------------------------------------------------------------------------------+------------------------------------------------------------------------------------------------------------------------------------------+-------------------------------------------------------------------------------------------------------------------------------------+
| g0        | src0      | BUFG/O          | None       | BUFGCTRL_X0Y18 | n/a          |                 8 |       19782 |               0 |       10.000 | clk_out1_canteloupe_clk_wiz_1_0                                                                                     | canteloupe_i/clk_wiz_1/inst/clkout1_buf/O                                                                                                | canteloupe_i/clk_wiz_1/inst/clk_out1                                                                                                |
| g1        | src1      | BUFG/O          | None       | BUFGCTRL_X0Y0  | n/a          |                 5 |        5302 |               0 |       12.308 | clk_pll_i                                                                                                           | canteloupe_i/mig_7series_0/u_canteloupe_mig_7series_0_0_mig/u_ddr2_infrastructure/u_bufg_clkdiv0/O                                       | canteloupe_i/mig_7series_0/u_canteloupe_mig_7series_0_0_mig/u_ddr2_infrastructure/CLK                                               |
| g2        | src0      | BUFG/O          | None       | BUFGCTRL_X0Y19 | n/a          |                 4 |        1206 |               0 |        8.000 | clk_out3_canteloupe_clk_wiz_1_0                                                                                     | canteloupe_i/clk_wiz_1/inst/clkout3_buf/O                                                                                                | canteloupe_i/clk_wiz_1/inst/clk_out3                                                                                                |
| g3        | src2      | BUFR/O          | None       | BUFR_X0Y13     | X0Y3         |                 1 |         968 |               0 |       40.000 | canteloupe_i/tri_mode_ethernet_ma_1/inst/trimac_fifo_block/trimac_sup_block/tri_mode_ethernet_mac_i/inst/mii_tx_clk | canteloupe_i/tri_mode_ethernet_ma_1/inst/trimac_fifo_block/trimac_sup_block/tri_mode_ethernet_mac_i/inst/mii_interface/bufr_mii_tx_clk/O | canteloupe_i/tri_mode_ethernet_ma_1/inst/trimac_fifo_block/trimac_sup_block/tri_mode_ethernet_mac_i/inst/mii_interface/mii_tx_clk_0 |
| g4        | src3      | BUFR/O          | None       | BUFR_X0Y12     | X0Y3         |                 1 |         799 |               0 |       40.000 | canteloupe_i/tri_mode_ethernet_ma_1/inst/trimac_fifo_block/trimac_sup_block/tri_mode_ethernet_mac_i/inst/mii_rx_clk | canteloupe_i/tri_mode_ethernet_ma_1/inst/trimac_fifo_block/trimac_sup_block/tri_mode_ethernet_mac_i/inst/mii_interface/bufr_mii_rx_clk/O | canteloupe_i/tri_mode_ethernet_ma_1/inst/trimac_fifo_block/trimac_sup_block/tri_mode_ethernet_mac_i/inst/mii_interface/mii_rx_clk_0 |
| g5        | src4      | BUFG/O          | None       | BUFGCTRL_X0Y1  | n/a          |                 2 |         477 |               0 |       33.000 | dbg_hub/inst/BSCANID.u_xsdbm_id/SWITCH_N_EXT_BSCAN.bscan_inst/SERIES7_BSCAN.bscan_inst/TCK                          | dbg_hub/inst/BSCANID.u_xsdbm_id/SWITCH_N_EXT_BSCAN.u_bufg_icon_tck/O                                                                     | dbg_hub/inst/BSCANID.u_xsdbm_id/itck_i                                                                                              |
| g6        | src0      | BUFG/O          | None       | BUFGCTRL_X0Y16 | n/a          |                 4 |         255 |               1 |       20.000 | clk_out4_canteloupe_clk_wiz_1_0                                                                                     | canteloupe_i/clk_wiz_1/inst/clkout4_buf/O                                                                                                | canteloupe_i/clk_wiz_1/inst/clk_out4                                                                                                |
| g7        | src5      | BUFG/O          | None       | BUFGCTRL_X0Y2  | n/a          |                 2 |         232 |               0 |       33.333 | canteloupe_i/mdm_1/U0/Use_E2.BSCAN_I/Use_E2.BSCANE2_I/DRCK                                                          | canteloupe_i/mdm_1/U0/No_Dbg_Reg_Access.BUFG_DRCK/Using_FPGA.Native/O                                                                    | canteloupe_i/mdm_1/U0/No_Dbg_Reg_Access.BUFG_DRCK/Ext_JTAG_DRCK                                                                     |
| g8        | src0      | BUFG/O          | None       | BUFGCTRL_X0Y17 | n/a          |                 2 |          63 |               0 |        5.000 | clk_out2_canteloupe_clk_wiz_1_0                                                                                     | canteloupe_i/clk_wiz_1/inst/clkout2_buf/O                                                                                                | canteloupe_i/clk_wiz_1/inst/clk_out2                                                                                                |
| g9        | src0      | BUFG/O          | None       | BUFGCTRL_X0Y20 | n/a          |                 1 |           1 |               0 |       10.000 | clkfbout_canteloupe_clk_wiz_1_0                                                                                     | canteloupe_i/clk_wiz_1/inst/clkf_buf/O                                                                                                   | canteloupe_i/clk_wiz_1/inst/clkfbout_buf_canteloupe_clk_wiz_1_0                                                                     |
| g10       | src6      | BUFH/O          | None       | BUFHCE_X1Y12   | X1Y1         |                 1 |           1 |               0 |       12.308 | pll_clk3_out                                                                                                        | canteloupe_i/mig_7series_0/u_canteloupe_mig_7series_0_0_mig/u_ddr2_infrastructure/u_bufh_pll_clk3/O                                      | canteloupe_i/mig_7series_0/u_canteloupe_mig_7series_0_0_mig/u_ddr2_infrastructure/pll_clk3                                          |
+-----------+-----------+-----------------+------------+----------------+--------------+-------------------+-------------+-----------------+--------------+---------------------------------------------------------------------------------------------------------------------+------------------------------------------------------------------------------------------------------------------------------------------+-------------------------------------------------------------------------------------------------------------------------------------+
* Clock Loads column represents the clock pin loads (pin count)
** Non-Clock Loads column represents the non-clock pin loads (pin count)


3. Global Clock Source Details
------------------------------

+-----------+-----------+---------------------+-----------------+-----------------+--------------+-------------+-----------------+---------------------+--------------------------------------------------------------------------------------------+-----------------------------------------------------------------------------------------------------------------------+------------------------------------------------------------------------------------------------+
| Source Id | Global Id | Driver Type/Pin     | Constraint      | Site            | Clock Region | Clock Loads | Non-Clock Loads | Source Clock Period | Source Clock                                                                               | Driver Pin                                                                                                            | Net                                                                                            |
+-----------+-----------+---------------------+-----------------+-----------------+--------------+-------------+-----------------+---------------------+--------------------------------------------------------------------------------------------+-----------------------------------------------------------------------------------------------------------------------+------------------------------------------------------------------------------------------------+
| src0      | g0        | MMCME2_ADV/CLKOUT0  | None            | MMCME2_ADV_X1Y2 | X1Y2         |           1 |               0 |              10.000 | clk_out1_canteloupe_clk_wiz_1_0                                                            | canteloupe_i/clk_wiz_1/inst/mmcm_adv_inst/CLKOUT0                                                                     | canteloupe_i/clk_wiz_1/inst/clk_out1_canteloupe_clk_wiz_1_0                                    |
| src0      | g8        | MMCME2_ADV/CLKOUT1  | None            | MMCME2_ADV_X1Y2 | X1Y2         |           1 |               0 |               5.000 | clk_out2_canteloupe_clk_wiz_1_0                                                            | canteloupe_i/clk_wiz_1/inst/mmcm_adv_inst/CLKOUT1                                                                     | canteloupe_i/clk_wiz_1/inst/clk_out2_canteloupe_clk_wiz_1_0                                    |
| src0      | g2        | MMCME2_ADV/CLKOUT2  | None            | MMCME2_ADV_X1Y2 | X1Y2         |           1 |               0 |               8.000 | clk_out3_canteloupe_clk_wiz_1_0                                                            | canteloupe_i/clk_wiz_1/inst/mmcm_adv_inst/CLKOUT2                                                                     | canteloupe_i/clk_wiz_1/inst/clk_out3_canteloupe_clk_wiz_1_0                                    |
| src0      | g6        | MMCME2_ADV/CLKOUT3  | None            | MMCME2_ADV_X1Y2 | X1Y2         |           1 |               0 |              20.000 | clk_out4_canteloupe_clk_wiz_1_0                                                            | canteloupe_i/clk_wiz_1/inst/mmcm_adv_inst/CLKOUT3                                                                     | canteloupe_i/clk_wiz_1/inst/clk_out4_canteloupe_clk_wiz_1_0                                    |
| src0      | g9        | MMCME2_ADV/CLKFBOUT | None            | MMCME2_ADV_X1Y2 | X1Y2         |           1 |               0 |              10.000 | clkfbout_canteloupe_clk_wiz_1_0                                                            | canteloupe_i/clk_wiz_1/inst/mmcm_adv_inst/CLKFBOUT                                                                    | canteloupe_i/clk_wiz_1/inst/clkfbout_canteloupe_clk_wiz_1_0                                    |
| src1      | g1        | MMCME2_ADV/CLKFBOUT | MMCME2_ADV_X1Y1 | MMCME2_ADV_X1Y1 | X1Y1         |           1 |               0 |              12.308 | clk_pll_i                                                                                  | canteloupe_i/mig_7series_0/u_canteloupe_mig_7series_0_0_mig/u_ddr2_infrastructure/gen_ui_extra_clocks.mmcm_i/CLKFBOUT | canteloupe_i/mig_7series_0/u_canteloupe_mig_7series_0_0_mig/u_ddr2_infrastructure/clk_pll_i    |
| src2      | g3        | FDRE/Q              | None            | SLICE_X26Y154   | X0Y3         |           1 |               0 |                     |                                                                                            | canteloupe_i/mii_to_rmii_0/U0/rmii2mac_tx_clk_bi_reg/Q                                                                | canteloupe_i/mii_to_rmii_0/U0/rmii2mac_tx_clk                                                  |
| src3      | g4        | FDRE/Q              | None            | SLICE_X4Y172    | X0Y3         |           1 |               0 |                     |                                                                                            | canteloupe_i/mii_to_rmii_0/U0/rmii2mac_rx_clk_bi_reg/Q                                                                | canteloupe_i/mii_to_rmii_0/U0/rmii2mac_rx_clk                                                  |
| src4      | g5        | BSCANE2/TCK         | None            | BSCAN_X0Y0      | X0Y1         |           1 |               0 |              33.000 | dbg_hub/inst/BSCANID.u_xsdbm_id/SWITCH_N_EXT_BSCAN.bscan_inst/SERIES7_BSCAN.bscan_inst/TCK | dbg_hub/inst/BSCANID.u_xsdbm_id/SWITCH_N_EXT_BSCAN.bscan_inst/SERIES7_BSCAN.bscan_inst/TCK                            | dbg_hub/inst/BSCANID.u_xsdbm_id/SWITCH_N_EXT_BSCAN.bscan_inst/tck_bs                           |
| src5      | g7        | BSCANE2/DRCK        | None            | BSCAN_X0Y1      | X0Y1         |           1 |               0 |              33.333 | canteloupe_i/mdm_1/U0/Use_E2.BSCAN_I/Use_E2.BSCANE2_I/DRCK                                 | canteloupe_i/mdm_1/U0/Use_E2.BSCAN_I/Use_E2.BSCANE2_I/DRCK                                                            | canteloupe_i/mdm_1/U0/Use_E2.BSCAN_I/DRCK                                                      |
| src6      | g10       | PLLE2_ADV/CLKOUT3   | PLLE2_ADV_X1Y1  | PLLE2_ADV_X1Y1  | X1Y1         |           1 |               0 |              12.308 | pll_clk3_out                                                                               | canteloupe_i/mig_7series_0/u_canteloupe_mig_7series_0_0_mig/u_ddr2_infrastructure/plle2_i/CLKOUT3                     | canteloupe_i/mig_7series_0/u_canteloupe_mig_7series_0_0_mig/u_ddr2_infrastructure/pll_clk3_out |
+-----------+-----------+---------------------+-----------------+-----------------+--------------+-------------+-----------------+---------------------+--------------------------------------------------------------------------------------------+-----------------------------------------------------------------------------------------------------------------------+------------------------------------------------------------------------------------------------+
* Clock Loads column represents the clock pin loads (pin count)
** Non-Clock Loads column represents the non-clock pin loads (pin count)


4. Local Clock Details
----------------------

+----------+----------------------------+---------------------+------------------------------------+--------------+-------------+-----------------+--------------+---------------+----------------------------------------------------------------------------------------------------------------------------------------------------------------------------------------------------------------------------------+-------------------------------------------------------------------------------------------------------------------------------------------------------------------------------------------------------------------------------+
| Local Id | Driver Type/Pin            | Constraint          | Site/BEL                           | Clock Region | Clock Loads | Non-Clock Loads | Clock Period | Clock         | Driver Pin                                                                                                                                                                                                                       | Net                                                                                                                                                                                                                           |
+----------+----------------------------+---------------------+------------------------------------+--------------+-------------+-----------------+--------------+---------------+----------------------------------------------------------------------------------------------------------------------------------------------------------------------------------------------------------------------------------+-------------------------------------------------------------------------------------------------------------------------------------------------------------------------------------------------------------------------------||
| 0        | PLLE2_ADV/CLKOUT0          | PLLE2_ADV_X1Y1      | PLLE2_ADV_X1Y1/PLLE2_ADV           | X1Y1         |           5 |               2 |        1.538 | freq_refclk   | canteloupe_i/mig_7series_0/u_canteloupe_mig_7series_0_0_mig/u_ddr2_infrastructure/plle2_i/CLKOUT0                                                                                                                                | canteloupe_i/mig_7series_0/u_canteloupe_mig_7series_0_0_mig/u_ddr2_infrastructure/freq_refclk                                                                                                                                 - Static -
| 1        | PHASER_OUT_PHY/OCLKDELAYED | PHASER_OUT_PHY_X1Y4 | PHASER_OUT_PHY_X1Y4/PHASER_OUT_PHY | X1Y1         |           2 |               0 |        3.077 | oserdes_clk   | canteloupe_i/mig_7series_0/u_canteloupe_mig_7series_0_0_mig/u_memc_ui_top_axi/mem_intfc0/ddr_phy_top0/u_ddr_mc_phy_wrapper/u_ddr_mc_phy/ddr_phy_4lanes_0.u_ddr_phy_4lanes/ddr_byte_lane_A.ddr_byte_lane_A/phaser_out/OCLKDELAYED | canteloupe_i/mig_7series_0/u_canteloupe_mig_7series_0_0_mig/u_memc_ui_top_axi/mem_intfc0/ddr_phy_top0/u_ddr_mc_phy_wrapper/u_ddr_mc_phy/ddr_phy_4lanes_0.u_ddr_phy_4lanes/ddr_byte_lane_A.ddr_byte_lane_A/oserdes_clk_delayed - Static -
| 2        | PHASER_OUT_PHY/OCLKDELAYED | PHASER_OUT_PHY_X1Y6 | PHASER_OUT_PHY_X1Y6/PHASER_OUT_PHY | X1Y1         |           2 |               0 |        3.077 | oserdes_clk_2 | canteloupe_i/mig_7series_0/u_canteloupe_mig_7series_0_0_mig/u_memc_ui_top_axi/mem_intfc0/ddr_phy_top0/u_ddr_mc_phy_wrapper/u_ddr_mc_phy/ddr_phy_4lanes_0.u_ddr_phy_4lanes/ddr_byte_lane_C.ddr_byte_lane_C/phaser_out/OCLKDELAYED | canteloupe_i/mig_7series_0/u_canteloupe_mig_7series_0_0_mig/u_memc_ui_top_axi/mem_intfc0/ddr_phy_top0/u_ddr_mc_phy_wrapper/u_ddr_mc_phy/ddr_phy_4lanes_0.u_ddr_phy_4lanes/ddr_byte_lane_C.ddr_byte_lane_C/oserdes_clk_delayed - Static -
| 3        | PLLE2_ADV/CLKOUT1          | PLLE2_ADV_X1Y1      | PLLE2_ADV_X1Y1/PLLE2_ADV           | X1Y1         |           1 |               6 |        3.077 | mem_refclk    | canteloupe_i/mig_7series_0/u_canteloupe_mig_7series_0_0_mig/u_ddr2_infrastructure/plle2_i/CLKOUT1                                                                                                                                | canteloupe_i/mig_7series_0/u_canteloupe_mig_7series_0_0_mig/u_ddr2_infrastructure/mem_refclk                                                                                                                                  - Static -
+----------+----------------------------+---------------------+------------------------------------+--------------+-------------+-----------------+--------------+---------------+----------------------------------------------------------------------------------------------------------------------------------------------------------------------------------------------------------------------------------+-------------------------------------------------------------------------------------------------------------------------------------------------------------------------------------------------------------------------------||
* Local Clocks in this context represents only clocks driven by non-global buffers
** Clock Loads column represents the clock pin loads (pin count)
*** Non-Clock Loads column represents the non-clock pin loads (pin count)


5. Clock Regions: Key Resource Utilization
------------------------------------------

+-------------------+--------------+--------------+--------------+--------------+--------------+--------------+--------------+--------------+--------------+--------------+--------------+--------------+--------------+--------------+--------------+
|                   | Global Clock |     BUFRs    |    BUFMRs    |    BUFIOs    |     MMCM     |      PLL     |      GT      |      PCI     |    ILOGIC    |    OLOGIC    |      FF      |     LUTM     |    RAMB18    |    RAMB36    |    DSP48E2   |
+-------------------+------+-------+------+-------+------+-------+------+-------+------+-------+------+-------+------+-------+------+-------+------+-------+------+-------+------+-------+------+-------+------+-------+------+-------+------+-------+
| Clock Region Name | Used | Avail | Used | Avail | Used | Avail | Used | Avail | Used | Avail | Used | Avail | Used | Avail | Used | Avail | Used | Avail | Used | Avail | Used | Avail | Used | Avail | Used | Avail | Used | Avail | Used | Avail |
+-------------------+------+-------+------+-------+------+-------+------+-------+------+-------+------+-------+------+-------+------+-------+------+-------+------+-------+------+-------+------+-------+------+-------+------+-------+------+-------+
| X0Y0              |    3 |    12 |    0 |     4 |    0 |     2 |    0 |     4 |    0 |     1 |    0 |     1 |    0 |     0 |    0 |     0 |    0 |    50 |    0 |    50 | 1097 |  2600 |  328 |   600 |    0 |    20 |    3 |    10 |    2 |    20 |
| X1Y0              |    3 |    12 |    0 |     0 |    0 |     0 |    0 |     0 |    0 |     0 |    0 |     0 |    0 |     4 |    0 |     0 |    0 |     0 |    0 |     0 | 1593 |  1500 |  645 |   550 |    0 |    40 |   11 |    20 |    0 |    40 |
| X0Y1              |    4 |    12 |    0 |     4 |    0 |     2 |    0 |     4 |    0 |     1 |    0 |     1 |    0 |     0 |    0 |     0 |    0 |    50 |    0 |    50 | 4685 |  2000 | 1574 |   600 |    0 |    20 |    2 |    10 |    8 |    20 |
| X1Y1              |    4 |    12 |    0 |     4 |    0 |     2 |    0 |     4 |    1 |     1 |    1 |     1 |    0 |     0 |    0 |     0 |    0 |    50 |    4 |    50 | 5076 |  1900 | 1724 |   650 |    0 |    60 |   10 |    30 |   10 |    40 |
| X0Y2              |    5 |    12 |    0 |     4 |    0 |     2 |    0 |     4 |    0 |     1 |    0 |     1 |    0 |     0 |    0 |     0 |    0 |    50 |    0 |    50 | 5264 |  2000 | 1643 |   600 |    0 |    20 |    0 |    10 |    3 |    20 |
| X1Y2              |    5 |    12 |    0 |     4 |    0 |     2 |    0 |     4 |    1 |     1 |    0 |     1 |    0 |     0 |    0 |     0 |    0 |    50 |    0 |    50 | 4690 |  1900 | 1664 |   650 |    0 |    60 |    4 |    30 |    1 |    40 |
| X0Y3              |    5 |    12 |    2 |     4 |    0 |     2 |    0 |     4 |    0 |     1 |    0 |     1 |    0 |     0 |    0 |     0 |    0 |    50 |    0 |    50 | 3966 |  2600 |  862 |   600 |    0 |    20 |    2 |    10 |    0 |    20 |
| X1Y3              |    2 |    12 |    0 |     0 |    0 |     0 |    0 |     0 |    0 |     0 |    0 |     0 |    0 |     4 |    0 |     1 |    0 |     0 |    0 |     0 | 1009 |  1350 |  406 |   500 |    0 |    30 |    0 |    15 |    0 |    40 |
+-------------------+------+-------+------+-------+------+-------+------+-------+------+-------+------+-------+------+-------+------+-------+------+-------+------+-------+------+-------+------+-------+------+-------+------+-------+------+-------+
* Global Clock column represents track count; while other columns represents cell counts


6. Clock Regions : Global Clock Summary
---------------------------------------

All Modules
+----+----+----+
|    | X0 | X1 |
+----+----+----+
| Y3 |  5 |  2 |
| Y2 |  5 |  5 |
| Y1 |  4 |  4 |
| Y0 |  3 |  3 |
+----+----+----+


7. Device Cell Placement Summary for Global Clock g0
----------------------------------------------------

+-----------+-----------------+-------------------+---------------------------------+-------------+---------------+-------------+----------+----------------+----------+--------------------------------------+
| Global Id | Driver Type/Pin | Driver Region (D) | Clock                           | Period (ns) | Waveform (ns) | Slice Loads | IO Loads | Clocking Loads | GT Loads | Net                                  |
+-----------+-----------------+-------------------+---------------------------------+-------------+---------------+-------------+----------+----------------+----------+--------------------------------------+
| g0        | BUFG/O          | n/a               | clk_out1_canteloupe_clk_wiz_1_0 |      10.000 | {0.000 5.000} |       19222 |        0 |              0 |        0 | canteloupe_i/clk_wiz_1/inst/clk_out1 |
+-----------+-----------------+-------------------+---------------------------------+-------------+---------------+-------------+----------+----------------+----------+--------------------------------------+
* Logic Loads column represents load cell count of all cell types other than IO, GT and clock resources
** IO Loads column represents load cell count of IO types
*** Clocking Loads column represents load cell count that are clock resources (global clock buffer, MMCM, PLL, etc)
**** GT Loads column represents load cell count of GT types


+----+-------+-------+
|    | X0    | X1    |
+----+-------+-------+
| Y3 |  1351 |   894 |
| Y2 |  4572 |  4534 |
| Y1 |  4321 |  1613 |
| Y0 |   968 |   969 |
+----+-------+-------+


8. Device Cell Placement Summary for Global Clock g1
----------------------------------------------------

+-----------+-----------------+-------------------+-----------+-------------+---------------+-------------+----------+----------------+----------+---------------------------------------------------------------------------------------+
| Global Id | Driver Type/Pin | Driver Region (D) | Clock     | Period (ns) | Waveform (ns) | Slice Loads | IO Loads | Clocking Loads | GT Loads | Net                                                                                   |
+-----------+-----------------+-------------------+-----------+-------------+---------------+-------------+----------+----------------+----------+---------------------------------------------------------------------------------------+
| g1        | BUFG/O          | n/a               | clk_pll_i |      12.308 | {0.000 6.154} |        5172 |        0 |              1 |        0 | canteloupe_i/mig_7series_0/u_canteloupe_mig_7series_0_0_mig/u_ddr2_infrastructure/CLK |
+-----------+-----------------+-------------------+-----------+-------------+---------------+-------------+----------+----------------+----------+---------------------------------------------------------------------------------------+
* Logic Loads column represents load cell count of all cell types other than IO, GT and clock resources
** IO Loads column represents load cell count of IO types
*** Clocking Loads column represents load cell count that are clock resources (global clock buffer, MMCM, PLL, etc)
**** GT Loads column represents load cell count of GT types


+----+------+-------+
|    | X0   | X1    |
+----+------+-------+
| Y3 |    0 |     0 |
| Y2 |  305 |     0 |
| Y1 |  512 |  3701 |
| Y0 |   38 |   617 |
+----+------+-------+


9. Device Cell Placement Summary for Global Clock g2
----------------------------------------------------

+-----------+-----------------+-------------------+---------------------------------+-------------+---------------+-------------+----------+----------------+----------+--------------------------------------+
| Global Id | Driver Type/Pin | Driver Region (D) | Clock                           | Period (ns) | Waveform (ns) | Slice Loads | IO Loads | Clocking Loads | GT Loads | Net                                  |
+-----------+-----------------+-------------------+---------------------------------+-------------+---------------+-------------+----------+----------------+----------+--------------------------------------+
| g2        | BUFG/O          | n/a               | clk_out3_canteloupe_clk_wiz_1_0 |       8.000 | {0.000 4.000} |        1146 |        0 |              0 |        0 | canteloupe_i/clk_wiz_1/inst/clk_out3 |
+-----------+-----------------+-------------------+---------------------------------+-------------+---------------+-------------+----------+----------------+----------+--------------------------------------+
* Logic Loads column represents load cell count of all cell types other than IO, GT and clock resources
** IO Loads column represents load cell count of IO types
*** Clocking Loads column represents load cell count that are clock resources (global clock buffer, MMCM, PLL, etc)
**** GT Loads column represents load cell count of GT types


+----+------+-----+
|    | X0   | X1  |
+----+------+-----+
| Y3 |  855 |   0 |
| Y2 |  263 |  22 |
| Y1 |    6 |   0 |
| Y0 |    0 |   0 |
+----+------+-----+


10. Device Cell Placement Summary for Global Clock g3
-----------------------------------------------------

+-----------+-----------------+-------------------+---------------------------------------------------------------------------------------------------------------------+-------------+----------------+-------------+----------+----------------+----------+-------------------------------------------------------------------------------------------------------------------------------------+
| Global Id | Driver Type/Pin | Driver Region (D) | Clock                                                                                                               | Period (ns) | Waveform (ns)  | Slice Loads | IO Loads | Clocking Loads | GT Loads | Net                                                                                                                                 |
+-----------+-----------------+-------------------+---------------------------------------------------------------------------------------------------------------------+-------------+----------------+-------------+----------+----------------+----------+-------------------------------------------------------------------------------------------------------------------------------------+
| g3        | BUFR/O          | X0Y3              | canteloupe_i/tri_mode_ethernet_ma_1/inst/trimac_fifo_block/trimac_sup_block/tri_mode_ethernet_mac_i/inst/mii_tx_clk |      40.000 | {0.000 20.000} |         968 |        0 |              0 |        0 | canteloupe_i/tri_mode_ethernet_ma_1/inst/trimac_fifo_block/trimac_sup_block/tri_mode_ethernet_mac_i/inst/mii_interface/mii_tx_clk_0 |
+-----------+-----------------+-------------------+---------------------------------------------------------------------------------------------------------------------+-------------+----------------+-------------+----------+----------------+----------+-------------------------------------------------------------------------------------------------------------------------------------+
* Logic Loads column represents load cell count of all cell types other than IO, GT and clock resources
** IO Loads column represents load cell count of IO types
*** Clocking Loads column represents load cell count that are clock resources (global clock buffer, MMCM, PLL, etc)
**** GT Loads column represents load cell count of GT types


+----+----------+----+
|    | X0       | X1 |
+----+----------+----+
| Y3 |  (D) 968 |  0 |
| Y2 |        0 |  0 |
| Y1 |        0 |  0 |
| Y0 |        0 |  0 |
+----+----------+----+


11. Device Cell Placement Summary for Global Clock g4
-----------------------------------------------------

+-----------+-----------------+-------------------+---------------------------------------------------------------------------------------------------------------------+-------------+----------------+-------------+----------+----------------+----------+-------------------------------------------------------------------------------------------------------------------------------------+
| Global Id | Driver Type/Pin | Driver Region (D) | Clock                                                                                                               | Period (ns) | Waveform (ns)  | Slice Loads | IO Loads | Clocking Loads | GT Loads | Net                                                                                                                                 |
+-----------+-----------------+-------------------+---------------------------------------------------------------------------------------------------------------------+-------------+----------------+-------------+----------+----------------+----------+-------------------------------------------------------------------------------------------------------------------------------------+
| g4        | BUFR/O          | X0Y3              | canteloupe_i/tri_mode_ethernet_ma_1/inst/trimac_fifo_block/trimac_sup_block/tri_mode_ethernet_mac_i/inst/mii_rx_clk |      40.000 | {0.000 20.000} |         791 |        0 |              0 |        0 | canteloupe_i/tri_mode_ethernet_ma_1/inst/trimac_fifo_block/trimac_sup_block/tri_mode_ethernet_mac_i/inst/mii_interface/mii_rx_clk_0 |
+-----------+-----------------+-------------------+---------------------------------------------------------------------------------------------------------------------+-------------+----------------+-------------+----------+----------------+----------+-------------------------------------------------------------------------------------------------------------------------------------+
* Logic Loads column represents load cell count of all cell types other than IO, GT and clock resources
** IO Loads column represents load cell count of IO types
*** Clocking Loads column represents load cell count that are clock resources (global clock buffer, MMCM, PLL, etc)
**** GT Loads column represents load cell count of GT types


+----+----------+----+
|    | X0       | X1 |
+----+----------+----+
| Y3 |  (D) 791 |  0 |
| Y2 |        0 |  0 |
| Y1 |        0 |  0 |
| Y0 |        0 |  0 |
+----+----------+----+


12. Device Cell Placement Summary for Global Clock g5
-----------------------------------------------------

+-----------+-----------------+-------------------+--------------------------------------------------------------------------------------------+-------------+----------------+-------------+----------+----------------+----------+----------------------------------------+
| Global Id | Driver Type/Pin | Driver Region (D) | Clock                                                                                      | Period (ns) | Waveform (ns)  | Slice Loads | IO Loads | Clocking Loads | GT Loads | Net                                    |
+-----------+-----------------+-------------------+--------------------------------------------------------------------------------------------+-------------+----------------+-------------+----------+----------------+----------+----------------------------------------+
| g5        | BUFG/O          | n/a               | dbg_hub/inst/BSCANID.u_xsdbm_id/SWITCH_N_EXT_BSCAN.bscan_inst/SERIES7_BSCAN.bscan_inst/TCK |      33.000 | {0.000 16.500} |         474 |        0 |              0 |        0 | dbg_hub/inst/BSCANID.u_xsdbm_id/itck_i |
+-----------+-----------------+-------------------+--------------------------------------------------------------------------------------------+-------------+----------------+-------------+----------+----------------+----------+----------------------------------------+
* Logic Loads column represents load cell count of all cell types other than IO, GT and clock resources
** IO Loads column represents load cell count of IO types
*** Clocking Loads column represents load cell count that are clock resources (global clock buffer, MMCM, PLL, etc)
**** GT Loads column represents load cell count of GT types


+----+------+------+
|    | X0   | X1   |
+----+------+------+
| Y3 |    0 |    0 |
| Y2 |  159 |  315 |
| Y1 |    0 |    0 |
| Y0 |    0 |    0 |
+----+------+------+


13. Device Cell Placement Summary for Global Clock g6
-----------------------------------------------------

+-----------+-----------------+-------------------+---------------------------------+-------------+----------------+-------------+----------+----------------+----------+--------------------------------------+
| Global Id | Driver Type/Pin | Driver Region (D) | Clock                           | Period (ns) | Waveform (ns)  | Slice Loads | IO Loads | Clocking Loads | GT Loads | Net                                  |
+-----------+-----------------+-------------------+---------------------------------+-------------+----------------+-------------+----------+----------------+----------+--------------------------------------+
| g6        | BUFG/O          | n/a               | clk_out4_canteloupe_clk_wiz_1_0 |      20.000 | {0.000 10.000} |         255 |        1 |              0 |        0 | canteloupe_i/clk_wiz_1/inst/clk_out4 |
+-----------+-----------------+-------------------+---------------------------------+-------------+----------------+-------------+----------+----------------+----------+--------------------------------------+
* Logic Loads column represents load cell count of all cell types other than IO, GT and clock resources
** IO Loads column represents load cell count of IO types
*** Clocking Loads column represents load cell count that are clock resources (global clock buffer, MMCM, PLL, etc)
**** GT Loads column represents load cell count of GT types


+----+-----+------+
|    | X0  | X1   |
+----+-----+------+
| Y3 |  83 |  157 |
| Y2 |   0 |   10 |
| Y1 |   6 |    0 |
| Y0 |   0 |    0 |
+----+-----+------+


14. Device Cell Placement Summary for Global Clock g7
-----------------------------------------------------

+-----------+-----------------+-------------------+------------------------------------------------------------+-------------+----------------+-------------+----------+----------------+----------+-----------------------------------------------------------------+
| Global Id | Driver Type/Pin | Driver Region (D) | Clock                                                      | Period (ns) | Waveform (ns)  | Slice Loads | IO Loads | Clocking Loads | GT Loads | Net                                                             |
+-----------+-----------------+-------------------+------------------------------------------------------------+-------------+----------------+-------------+----------+----------------+----------+-----------------------------------------------------------------+
| g7        | BUFG/O          | n/a               | canteloupe_i/mdm_1/U0/Use_E2.BSCAN_I/Use_E2.BSCANE2_I/DRCK |      33.333 | {0.000 16.667} |         232 |        0 |              0 |        0 | canteloupe_i/mdm_1/U0/No_Dbg_Reg_Access.BUFG_DRCK/Ext_JTAG_DRCK |
+-----------+-----------------+-------------------+------------------------------------------------------------+-------------+----------------+-------------+----------+----------------+----------+-----------------------------------------------------------------+
* Logic Loads column represents load cell count of all cell types other than IO, GT and clock resources
** IO Loads column represents load cell count of IO types
*** Clocking Loads column represents load cell count that are clock resources (global clock buffer, MMCM, PLL, etc)
**** GT Loads column represents load cell count of GT types


+----+------+-----+
|    | X0   | X1  |
+----+------+-----+
| Y3 |    0 |   0 |
| Y2 |    0 |   0 |
| Y1 |    0 |   0 |
| Y0 |  147 |  85 |
+----+------+-----+


15. Device Cell Placement Summary for Global Clock g8
-----------------------------------------------------

+-----------+-----------------+-------------------+---------------------------------+-------------+---------------+-------------+----------+----------------+----------+--------------------------------------+
| Global Id | Driver Type/Pin | Driver Region (D) | Clock                           | Period (ns) | Waveform (ns) | Slice Loads | IO Loads | Clocking Loads | GT Loads | Net                                  |
+-----------+-----------------+-------------------+---------------------------------+-------------+---------------+-------------+----------+----------------+----------+--------------------------------------+
| g8        | BUFG/O          | n/a               | clk_out2_canteloupe_clk_wiz_1_0 |       5.000 | {0.000 2.500} |          62 |        0 |              1 |        0 | canteloupe_i/clk_wiz_1/inst/clk_out2 |
+-----------+-----------------+-------------------+---------------------------------+-------------+---------------+-------------+----------+----------------+----------+--------------------------------------+
* Logic Loads column represents load cell count of all cell types other than IO, GT and clock resources
** IO Loads column represents load cell count of IO types
*** Clocking Loads column represents load cell count that are clock resources (global clock buffer, MMCM, PLL, etc)
**** GT Loads column represents load cell count of GT types


+----+-----+-----+
|    | X0  | X1  |
+----+-----+-----+
| Y3 |   0 |   0 |
| Y2 |  46 |   0 |
| Y1 |   0 |  17 |
| Y0 |   0 |   0 |
+----+-----+-----+


16. Device Cell Placement Summary for Global Clock g9
-----------------------------------------------------

+-----------+-----------------+-------------------+---------------------------------+-------------+---------------+-------------+----------+----------------+----------+-----------------------------------------------------------------+
| Global Id | Driver Type/Pin | Driver Region (D) | Clock                           | Period (ns) | Waveform (ns) | Slice Loads | IO Loads | Clocking Loads | GT Loads | Net                                                             |
+-----------+-----------------+-------------------+---------------------------------+-------------+---------------+-------------+----------+----------------+----------+-----------------------------------------------------------------+
| g9        | BUFG/O          | n/a               | clkfbout_canteloupe_clk_wiz_1_0 |      10.000 | {0.000 5.000} |           0 |        0 |              1 |        0 | canteloupe_i/clk_wiz_1/inst/clkfbout_buf_canteloupe_clk_wiz_1_0 |
+-----------+-----------------+-------------------+---------------------------------+-------------+---------------+-------------+----------+----------------+----------+-----------------------------------------------------------------+
* Logic Loads column represents load cell count of all cell types other than IO, GT and clock resources
** IO Loads column represents load cell count of IO types
*** Clocking Loads column represents load cell count that are clock resources (global clock buffer, MMCM, PLL, etc)
**** GT Loads column represents load cell count of GT types


+----+----+----+
|    | X0 | X1 |
+----+----+----+
| Y3 |  0 |  0 |
| Y2 |  0 |  1 |
| Y1 |  0 |  0 |
| Y0 |  0 |  0 |
+----+----+----+


17. Device Cell Placement Summary for Global Clock g10
------------------------------------------------------

+-----------+-----------------+-------------------+--------------+-------------+---------------+-------------+----------+----------------+----------+--------------------------------------------------------------------------------------------+
| Global Id | Driver Type/Pin | Driver Region (D) | Clock        | Period (ns) | Waveform (ns) | Slice Loads | IO Loads | Clocking Loads | GT Loads | Net                                                                                        |
+-----------+-----------------+-------------------+--------------+-------------+---------------+-------------+----------+----------------+----------+--------------------------------------------------------------------------------------------+
| g10       | BUFH/O          | X1Y1              | pll_clk3_out |      12.308 | {0.000 6.154} |           0 |        0 |              1 |        0 | canteloupe_i/mig_7series_0/u_canteloupe_mig_7series_0_0_mig/u_ddr2_infrastructure/pll_clk3 |
+-----------+-----------------+-------------------+--------------+-------------+---------------+-------------+----------+----------------+----------+--------------------------------------------------------------------------------------------+
* Logic Loads column represents load cell count of all cell types other than IO, GT and clock resources
** IO Loads column represents load cell count of IO types
*** Clocking Loads column represents load cell count that are clock resources (global clock buffer, MMCM, PLL, etc)
**** GT Loads column represents load cell count of GT types


+----+----+--------+
|    | X0 | X1     |
+----+----+--------+
| Y3 |  0 |      0 |
| Y2 |  0 |      0 |
| Y1 |  0 |  (D) 1 |
| Y0 |  0 |      0 |
+----+----+--------+


18. Clock Region Cell Placement per Global Clock: Region X0Y0
-------------------------------------------------------------

+-----------+-------+-----------------+------------+-------------+-----------------+-----+--------+------+-----+----+------+-----+---------+---------------------------------------------------------------------------------------+
| Global Id | Track | Driver Type/Pin | Constraint | Clock Loads | Non-Clock Loads | FF  | LUTRAM | RAMB | DSP | GT | MMCM | PLL | Hard IP | Net                                                                                   |
+-----------+-------+-----------------+------------+-------------+-----------------+-----+--------+------+-----+----+------+-----+---------+---------------------------------------------------------------------------------------+
| g0        | n/a   | BUFG/O          | None       |         968 |               0 | 928 |     35 |    3 |   2 |  0 |    0 |   0 |       0 | canteloupe_i/clk_wiz_1/inst/clk_out1                                                  |
| g1        | n/a   | BUFG/O          | None       |          38 |               0 |  38 |      0 |    0 |   0 |  0 |    0 |   0 |       0 | canteloupe_i/mig_7series_0/u_canteloupe_mig_7series_0_0_mig/u_ddr2_infrastructure/CLK |
| g7        | n/a   | BUFG/O          | None       |         147 |               0 | 131 |     16 |    0 |   0 |  0 |    0 |   0 |       0 | canteloupe_i/mdm_1/U0/No_Dbg_Reg_Access.BUFG_DRCK/Ext_JTAG_DRCK                       |
+-----------+-------+-----------------+------------+-------------+-----------------+-----+--------+------+-----+----+------+-----+---------+---------------------------------------------------------------------------------------+
* Clock Loads column represents the clock pin loads (pin count)
** Non-Clock Loads column represents the non-clock pin loads (pin count)
*** Columns FF, LUTRAM, RAMB through 'Hard IP' represents load cell counts


19. Clock Region Cell Placement per Global Clock: Region X1Y0
-------------------------------------------------------------

+-----------+-------+-----------------+------------+-------------+-----------------+-----+--------+------+-----+----+------+-----+---------+---------------------------------------------------------------------------------------+
| Global Id | Track | Driver Type/Pin | Constraint | Clock Loads | Non-Clock Loads | FF  | LUTRAM | RAMB | DSP | GT | MMCM | PLL | Hard IP | Net                                                                                   |
+-----------+-------+-----------------+------------+-------------+-----------------+-----+--------+------+-----+----+------+-----+---------+---------------------------------------------------------------------------------------+
| g0        | n/a   | BUFG/O          | None       |         969 |               0 | 897 |     61 |   11 |   0 |  0 |    0 |   0 |       0 | canteloupe_i/clk_wiz_1/inst/clk_out1                                                  |
| g1        | n/a   | BUFG/O          | None       |         617 |               0 | 617 |      0 |    0 |   0 |  0 |    0 |   0 |       0 | canteloupe_i/mig_7series_0/u_canteloupe_mig_7series_0_0_mig/u_ddr2_infrastructure/CLK |
| g7        | n/a   | BUFG/O          | None       |          85 |               0 |  79 |      6 |    0 |   0 |  0 |    0 |   0 |       0 | canteloupe_i/mdm_1/U0/No_Dbg_Reg_Access.BUFG_DRCK/Ext_JTAG_DRCK                       |
+-----------+-------+-----------------+------------+-------------+-----------------+-----+--------+------+-----+----+------+-----+---------+---------------------------------------------------------------------------------------+
* Clock Loads column represents the clock pin loads (pin count)
** Non-Clock Loads column represents the non-clock pin loads (pin count)
*** Columns FF, LUTRAM, RAMB through 'Hard IP' represents load cell counts


20. Clock Region Cell Placement per Global Clock: Region X0Y1
-------------------------------------------------------------

+-----------+-------+-----------------+------------+-------------+-----------------+------+--------+------+-----+----+------+-----+---------+---------------------------------------------------------------------------------------+
| Global Id | Track | Driver Type/Pin | Constraint | Clock Loads | Non-Clock Loads | FF   | LUTRAM | RAMB | DSP | GT | MMCM | PLL | Hard IP | Net                                                                                   |
+-----------+-------+-----------------+------------+-------------+-----------------+------+--------+------+-----+----+------+-----+---------+---------------------------------------------------------------------------------------+
| g0        | n/a   | BUFG/O          | None       |        4321 |               0 | 4174 |    136 |    2 |   8 |  0 |    0 |   0 |       0 | canteloupe_i/clk_wiz_1/inst/clk_out1                                                  |
| g1        | n/a   | BUFG/O          | None       |         512 |               0 |  499 |     13 |    0 |   0 |  0 |    0 |   0 |       0 | canteloupe_i/mig_7series_0/u_canteloupe_mig_7series_0_0_mig/u_ddr2_infrastructure/CLK |
| g2        | n/a   | BUFG/O          | None       |           6 |               0 |    6 |      0 |    0 |   0 |  0 |    0 |   0 |       0 | canteloupe_i/clk_wiz_1/inst/clk_out3                                                  |
| g6        | n/a   | BUFG/O          | None       |           6 |               0 |    6 |      0 |    0 |   0 |  0 |    0 |   0 |       0 | canteloupe_i/clk_wiz_1/inst/clk_out4                                                  |
+-----------+-------+-----------------+------------+-------------+-----------------+------+--------+------+-----+----+------+-----+---------+---------------------------------------------------------------------------------------+
* Clock Loads column represents the clock pin loads (pin count)
** Non-Clock Loads column represents the non-clock pin loads (pin count)
*** Columns FF, LUTRAM, RAMB through 'Hard IP' represents load cell counts


21. Clock Region Cell Placement per Global Clock: Region X1Y1
-------------------------------------------------------------

+-----------+-------+-----------------+------------+-------------+-----------------+------+--------+------+-----+----+------+-----+---------+--------------------------------------------------------------------------------------------+
| Global Id | Track | Driver Type/Pin | Constraint | Clock Loads | Non-Clock Loads | FF   | LUTRAM | RAMB | DSP | GT | MMCM | PLL | Hard IP | Net                                                                                        |
+-----------+-------+-----------------+------------+-------------+-----------------+------+--------+------+-----+----+------+-----+---------+--------------------------------------------------------------------------------------------+
| g0        | n/a   | BUFG/O          | None       |        1613 |               0 | 1560 |     33 |   10 |  10 |  0 |    0 |   0 |       0 | canteloupe_i/clk_wiz_1/inst/clk_out1                                                       |
| g1        | n/a   | BUFG/O          | None       |        3701 |               0 | 3501 |    170 |    0 |   0 |  0 |    1 |   0 |       0 | canteloupe_i/mig_7series_0/u_canteloupe_mig_7series_0_0_mig/u_ddr2_infrastructure/CLK      |
| g8        | n/a   | BUFG/O          | None       |          17 |               0 |   15 |      0 |    0 |   0 |  0 |    0 |   1 |       0 | canteloupe_i/clk_wiz_1/inst/clk_out2                                                       |
| g10       | n/a   | BUFH/O          | None       |           1 |               0 |    0 |      0 |    0 |   0 |  0 |    1 |   0 |       0 | canteloupe_i/mig_7series_0/u_canteloupe_mig_7series_0_0_mig/u_ddr2_infrastructure/pll_clk3 |
+-----------+-------+-----------------+------------+-------------+-----------------+------+--------+------+-----+----+------+-----+---------+--------------------------------------------------------------------------------------------+
* Clock Loads column represents the clock pin loads (pin count)
** Non-Clock Loads column represents the non-clock pin loads (pin count)
*** Columns FF, LUTRAM, RAMB through 'Hard IP' represents load cell counts


22. Clock Region Cell Placement per Global Clock: Region X0Y2
-------------------------------------------------------------

+-----------+-------+-----------------+------------+-------------+-----------------+------+--------+------+-----+----+------+-----+---------+---------------------------------------------------------------------------------------+
| Global Id | Track | Driver Type/Pin | Constraint | Clock Loads | Non-Clock Loads | FF   | LUTRAM | RAMB | DSP | GT | MMCM | PLL | Hard IP | Net                                                                                   |
+-----------+-------+-----------------+------------+-------------+-----------------+------+--------+------+-----+----+------+-----+---------+---------------------------------------------------------------------------------------+
| g0        | n/a   | BUFG/O          | None       |        4572 |               0 | 4505 |     63 |    0 |   3 |  0 |    0 |   0 |       0 | canteloupe_i/clk_wiz_1/inst/clk_out1                                                  |
| g1        | n/a   | BUFG/O          | None       |         305 |               0 |  305 |      0 |    0 |   0 |  0 |    0 |   0 |       0 | canteloupe_i/mig_7series_0/u_canteloupe_mig_7series_0_0_mig/u_ddr2_infrastructure/CLK |
| g2        | n/a   | BUFG/O          | None       |         263 |               0 |  250 |     12 |    0 |   0 |  0 |    0 |   0 |       0 | canteloupe_i/clk_wiz_1/inst/clk_out3                                                  |
| g5        | n/a   | BUFG/O          | None       |         159 |               0 |  159 |      0 |    0 |   0 |  0 |    0 |   0 |       0 | dbg_hub/inst/BSCANID.u_xsdbm_id/itck_i                                                |
| g8        | n/a   | BUFG/O          | None       |          46 |               0 |   45 |      0 |    0 |   0 |  0 |    0 |   0 |       0 | canteloupe_i/clk_wiz_1/inst/clk_out2                                                  |
+-----------+-------+-----------------+------------+-------------+-----------------+------+--------+------+-----+----+------+-----+---------+---------------------------------------------------------------------------------------+
* Clock Loads column represents the clock pin loads (pin count)
** Non-Clock Loads column represents the non-clock pin loads (pin count)
*** Columns FF, LUTRAM, RAMB through 'Hard IP' represents load cell counts


23. Clock Region Cell Placement per Global Clock: Region X1Y2
-------------------------------------------------------------

+-----------+-------+-----------------+------------+-------------+-----------------+------+--------+------+-----+----+------+-----+---------+-----------------------------------------------------------------+
| Global Id | Track | Driver Type/Pin | Constraint | Clock Loads | Non-Clock Loads | FF   | LUTRAM | RAMB | DSP | GT | MMCM | PLL | Hard IP | Net                                                             |
+-----------+-------+-----------------+------------+-------------+-----------------+------+--------+------+-----+----+------+-----+---------+-----------------------------------------------------------------+
| g0        | n/a   | BUFG/O          | None       |        4534 |               0 | 4344 |    183 |    4 |   1 |  0 |    0 |   0 |       0 | canteloupe_i/clk_wiz_1/inst/clk_out1                            |
| g2        | n/a   | BUFG/O          | None       |          22 |               0 |   22 |      0 |    0 |   0 |  0 |    0 |   0 |       0 | canteloupe_i/clk_wiz_1/inst/clk_out3                            |
| g5        | n/a   | BUFG/O          | None       |         315 |               0 |  315 |      0 |    0 |   0 |  0 |    0 |   0 |       0 | dbg_hub/inst/BSCANID.u_xsdbm_id/itck_i                          |
| g6        | n/a   | BUFG/O          | None       |           9 |               1 |    9 |      0 |    0 |   0 |  0 |    0 |   0 |       0 | canteloupe_i/clk_wiz_1/inst/clk_out4                            |
| g9        | n/a   | BUFG/O          | None       |           1 |               0 |    0 |      0 |    0 |   0 |  0 |    1 |   0 |       0 | canteloupe_i/clk_wiz_1/inst/clkfbout_buf_canteloupe_clk_wiz_1_0 |
+-----------+-------+-----------------+------------+-------------+-----------------+------+--------+------+-----+----+------+-----+---------+-----------------------------------------------------------------+
* Clock Loads column represents the clock pin loads (pin count)
** Non-Clock Loads column represents the non-clock pin loads (pin count)
*** Columns FF, LUTRAM, RAMB through 'Hard IP' represents load cell counts


24. Clock Region Cell Placement per Global Clock: Region X0Y3
-------------------------------------------------------------

+-----------+-------+-----------------+------------+-------------+-----------------+------+--------+------+-----+----+------+-----+---------+-------------------------------------------------------------------------------------------------------------------------------------+
| Global Id | Track | Driver Type/Pin | Constraint | Clock Loads | Non-Clock Loads | FF   | LUTRAM | RAMB | DSP | GT | MMCM | PLL | Hard IP | Net                                                                                                                                 |
+-----------+-------+-----------------+------------+-------------+-----------------+------+--------+------+-----+----+------+-----+---------+-------------------------------------------------------------------------------------------------------------------------------------+
| g0        | n/a   | BUFG/O          | None       |        1351 |               0 | 1320 |     30 |    0 |   0 |  0 |    0 |   0 |       0 | canteloupe_i/clk_wiz_1/inst/clk_out1                                                                                                |
| g2        | n/a   | BUFG/O          | None       |         855 |               0 |  847 |      6 |    2 |   0 |  0 |    0 |   0 |       0 | canteloupe_i/clk_wiz_1/inst/clk_out3                                                                                                |
| g3        | n/a   | BUFR/O          | None       |         968 |               0 |  955 |     11 |    1 |   0 |  0 |    0 |   0 |       0 | canteloupe_i/tri_mode_ethernet_ma_1/inst/trimac_fifo_block/trimac_sup_block/tri_mode_ethernet_mac_i/inst/mii_interface/mii_tx_clk_0 |
| g4        | n/a   | BUFR/O          | None       |         791 |               0 |  765 |     25 |    1 |   0 |  0 |    0 |   0 |       0 | canteloupe_i/tri_mode_ethernet_ma_1/inst/trimac_fifo_block/trimac_sup_block/tri_mode_ethernet_mac_i/inst/mii_interface/mii_rx_clk_0 |
| g6        | n/a   | BUFG/O          | None       |          83 |               0 |   79 |      4 |    0 |   0 |  0 |    0 |   0 |       0 | canteloupe_i/clk_wiz_1/inst/clk_out4                                                                                                |
+-----------+-------+-----------------+------------+-------------+-----------------+------+--------+------+-----+----+------+-----+---------+-------------------------------------------------------------------------------------------------------------------------------------+
* Clock Loads column represents the clock pin loads (pin count)
** Non-Clock Loads column represents the non-clock pin loads (pin count)
*** Columns FF, LUTRAM, RAMB through 'Hard IP' represents load cell counts


25. Clock Region Cell Placement per Global Clock: Region X1Y3
-------------------------------------------------------------

+-----------+-------+-----------------+------------+-------------+-----------------+-----+--------+------+-----+----+------+-----+---------+--------------------------------------+
| Global Id | Track | Driver Type/Pin | Constraint | Clock Loads | Non-Clock Loads | FF  | LUTRAM | RAMB | DSP | GT | MMCM | PLL | Hard IP | Net                                  |
+-----------+-------+-----------------+------------+-------------+-----------------+-----+--------+------+-----+----+------+-----+---------+--------------------------------------+
| g0        | n/a   | BUFG/O          | None       |         894 |               0 | 856 |     37 |    0 |   0 |  0 |    0 |   0 |       0 | canteloupe_i/clk_wiz_1/inst/clk_out1 |
| g6        | n/a   | BUFG/O          | None       |         157 |               0 | 153 |      3 |    0 |   0 |  0 |    0 |   0 |       0 | canteloupe_i/clk_wiz_1/inst/clk_out4 |
+-----------+-------+-----------------+------------+-------------+-----------------+-----+--------+------+-----+----+------+-----+---------+--------------------------------------+
* Clock Loads column represents the clock pin loads (pin count)
** Non-Clock Loads column represents the non-clock pin loads (pin count)
*** Columns FF, LUTRAM, RAMB through 'Hard IP' represents load cell counts



# Location of BUFG Primitives 
set_property LOC BUFGCTRL_X0Y1 [get_cells dbg_hub/inst/BSCANID.u_xsdbm_id/SWITCH_N_EXT_BSCAN.u_bufg_icon_tck]
set_property LOC BUFGCTRL_X0Y0 [get_cells canteloupe_i/mig_7series_0/u_canteloupe_mig_7series_0_0_mig/u_ddr2_infrastructure/u_bufg_clkdiv0]
set_property LOC BUFGCTRL_X0Y2 [get_cells canteloupe_i/mdm_1/U0/No_Dbg_Reg_Access.BUFG_DRCK/Using_FPGA.Native]
set_property LOC BUFGCTRL_X0Y20 [get_cells canteloupe_i/clk_wiz_1/inst/clkf_buf]
set_property LOC BUFGCTRL_X0Y16 [get_cells canteloupe_i/clk_wiz_1/inst/clkout4_buf]
set_property LOC BUFGCTRL_X0Y19 [get_cells canteloupe_i/clk_wiz_1/inst/clkout3_buf]
set_property LOC BUFGCTRL_X0Y17 [get_cells canteloupe_i/clk_wiz_1/inst/clkout2_buf]
set_property LOC BUFGCTRL_X0Y18 [get_cells canteloupe_i/clk_wiz_1/inst/clkout1_buf]

# Location of BUFH Primitives 
set_property LOC BUFHCE_X1Y12 [get_cells canteloupe_i/mig_7series_0/u_canteloupe_mig_7series_0_0_mig/u_ddr2_infrastructure/u_bufh_pll_clk3]

# Location of BUFR Primitives 
set_property LOC BUFR_X0Y13 [get_cells canteloupe_i/tri_mode_ethernet_ma_1/inst/trimac_fifo_block/trimac_sup_block/tri_mode_ethernet_mac_i/inst/mii_interface/bufr_mii_tx_clk]
set_property LOC BUFR_X0Y12 [get_cells canteloupe_i/tri_mode_ethernet_ma_1/inst/trimac_fifo_block/trimac_sup_block/tri_mode_ethernet_mac_i/inst/mii_interface/bufr_mii_rx_clk]

# Location of IO Primitives which is load of clock spine
set_property LOC IOB_X1Y128 [get_cells refclk_0_OBUF_inst]

# Location of clock ports
set_property LOC IOB_X1Y126 [get_ports sys_clock]

# Clock net "dbg_hub/inst/BSCANID.u_xsdbm_id/itck_i" driven by instance "dbg_hub/inst/BSCANID.u_xsdbm_id/SWITCH_N_EXT_BSCAN.u_bufg_icon_tck" located at site "BUFGCTRL_X0Y1"
#startgroup
create_pblock {CLKAG_dbg_hub/inst/BSCANID.u_xsdbm_id/itck_i}
add_cells_to_pblock [get_pblocks  {CLKAG_dbg_hub/inst/BSCANID.u_xsdbm_id/itck_i}] [get_cells -filter { PRIMITIVE_GROUP != I/O && IS_PRIMITIVE==1 && PRIMITIVE_LEVEL !=INTERNAL } -of_object [get_pins -filter {DIRECTION==IN} -of_objects [get_nets -hierarchical -filter {PARENT=="dbg_hub/inst/BSCANID.u_xsdbm_id/itck_i"}]]]
resize_pblock [get_pblocks {CLKAG_dbg_hub/inst/BSCANID.u_xsdbm_id/itck_i}] -add {CLOCKREGION_X0Y2:CLOCKREGION_X0Y2 CLOCKREGION_X1Y2:CLOCKREGION_X1Y2}
#endgroup

# Clock net "canteloupe_i/tri_mode_ethernet_ma_1/inst/trimac_fifo_block/trimac_sup_block/tri_mode_ethernet_mac_i/inst/mii_interface/mii_tx_clk_0" driven by instance "canteloupe_i/tri_mode_ethernet_ma_1/inst/trimac_fifo_block/trimac_sup_block/tri_mode_ethernet_mac_i/inst/mii_interface/bufr_mii_tx_clk" located at site "BUFR_X0Y13"
#startgroup
create_pblock {CLKAG_canteloupe_i/tri_mode_ethernet_ma_1/inst/trimac_fifo_block/trimac_sup_block/tri_mode_ethernet_mac_i/inst/mii_interface/mii_tx_clk_0}
add_cells_to_pblock [get_pblocks  {CLKAG_canteloupe_i/tri_mode_ethernet_ma_1/inst/trimac_fifo_block/trimac_sup_block/tri_mode_ethernet_mac_i/inst/mii_interface/mii_tx_clk_0}] [get_cells -filter { PRIMITIVE_GROUP != I/O && IS_PRIMITIVE==1 && PRIMITIVE_LEVEL !=INTERNAL } -of_object [get_pins -filter {DIRECTION==IN} -of_objects [get_nets -hierarchical -filter {PARENT=="canteloupe_i/tri_mode_ethernet_ma_1/inst/trimac_fifo_block/trimac_sup_block/tri_mode_ethernet_mac_i/inst/mii_interface/mii_tx_clk_0"}]]]
resize_pblock [get_pblocks {CLKAG_canteloupe_i/tri_mode_ethernet_ma_1/inst/trimac_fifo_block/trimac_sup_block/tri_mode_ethernet_mac_i/inst/mii_interface/mii_tx_clk_0}] -add {CLOCKREGION_X0Y3:CLOCKREGION_X0Y3}
#endgroup

# Clock net "canteloupe_i/tri_mode_ethernet_ma_1/inst/trimac_fifo_block/trimac_sup_block/tri_mode_ethernet_mac_i/inst/mii_interface/mii_rx_clk_0" driven by instance "canteloupe_i/tri_mode_ethernet_ma_1/inst/trimac_fifo_block/trimac_sup_block/tri_mode_ethernet_mac_i/inst/mii_interface/bufr_mii_rx_clk" located at site "BUFR_X0Y12"
#startgroup
create_pblock {CLKAG_canteloupe_i/tri_mode_ethernet_ma_1/inst/trimac_fifo_block/trimac_sup_block/tri_mode_ethernet_mac_i/inst/mii_interface/mii_rx_clk_0}
add_cells_to_pblock [get_pblocks  {CLKAG_canteloupe_i/tri_mode_ethernet_ma_1/inst/trimac_fifo_block/trimac_sup_block/tri_mode_ethernet_mac_i/inst/mii_interface/mii_rx_clk_0}] [get_cells -filter { PRIMITIVE_GROUP != I/O && IS_PRIMITIVE==1 && PRIMITIVE_LEVEL !=INTERNAL } -of_object [get_pins -filter {DIRECTION==IN} -of_objects [get_nets -hierarchical -filter {PARENT=="canteloupe_i/tri_mode_ethernet_ma_1/inst/trimac_fifo_block/trimac_sup_block/tri_mode_ethernet_mac_i/inst/mii_interface/mii_rx_clk_0"}]]]
resize_pblock [get_pblocks {CLKAG_canteloupe_i/tri_mode_ethernet_ma_1/inst/trimac_fifo_block/trimac_sup_block/tri_mode_ethernet_mac_i/inst/mii_interface/mii_rx_clk_0}] -add {CLOCKREGION_X0Y3:CLOCKREGION_X0Y3}
#endgroup

# Clock net "canteloupe_i/mig_7series_0/u_canteloupe_mig_7series_0_0_mig/u_ddr2_infrastructure/CLK" driven by instance "canteloupe_i/mig_7series_0/u_canteloupe_mig_7series_0_0_mig/u_ddr2_infrastructure/u_bufg_clkdiv0" located at site "BUFGCTRL_X0Y0"
#startgroup
create_pblock {CLKAG_canteloupe_i/mig_7series_0/u_canteloupe_mig_7series_0_0_mig/u_ddr2_infrastructure/CLK}
add_cells_to_pblock [get_pblocks  {CLKAG_canteloupe_i/mig_7series_0/u_canteloupe_mig_7series_0_0_mig/u_ddr2_infrastructure/CLK}] [get_cells -filter { PRIMITIVE_GROUP != I/O && IS_PRIMITIVE==1 && PRIMITIVE_LEVEL !=INTERNAL && NAME!=canteloupe_i/mig_7series_0/u_canteloupe_mig_7series_0_0_mig/u_ddr2_infrastructure/gen_ui_extra_clocks.mmcm_i} -of_object [get_pins -filter {DIRECTION==IN} -of_objects [get_nets -hierarchical -filter {PARENT=="canteloupe_i/mig_7series_0/u_canteloupe_mig_7series_0_0_mig/u_ddr2_infrastructure/CLK"}]]]
resize_pblock [get_pblocks {CLKAG_canteloupe_i/mig_7series_0/u_canteloupe_mig_7series_0_0_mig/u_ddr2_infrastructure/CLK}] -add {CLOCKREGION_X0Y0:CLOCKREGION_X0Y0 CLOCKREGION_X0Y1:CLOCKREGION_X0Y1 CLOCKREGION_X0Y2:CLOCKREGION_X0Y2 CLOCKREGION_X1Y0:CLOCKREGION_X1Y0 CLOCKREGION_X1Y1:CLOCKREGION_X1Y1}
#endgroup

# Clock net "canteloupe_i/mdm_1/U0/No_Dbg_Reg_Access.BUFG_DRCK/Ext_JTAG_DRCK" driven by instance "canteloupe_i/mdm_1/U0/No_Dbg_Reg_Access.BUFG_DRCK/Using_FPGA.Native" located at site "BUFGCTRL_X0Y2"
#startgroup
create_pblock {CLKAG_canteloupe_i/mdm_1/U0/No_Dbg_Reg_Access.BUFG_DRCK/Ext_JTAG_DRCK}
add_cells_to_pblock [get_pblocks  {CLKAG_canteloupe_i/mdm_1/U0/No_Dbg_Reg_Access.BUFG_DRCK/Ext_JTAG_DRCK}] [get_cells -filter { PRIMITIVE_GROUP != I/O && IS_PRIMITIVE==1 && PRIMITIVE_LEVEL !=INTERNAL } -of_object [get_pins -filter {DIRECTION==IN} -of_objects [get_nets -hierarchical -filter {PARENT=="canteloupe_i/mdm_1/U0/No_Dbg_Reg_Access.BUFG_DRCK/Ext_JTAG_DRCK"}]]]
resize_pblock [get_pblocks {CLKAG_canteloupe_i/mdm_1/U0/No_Dbg_Reg_Access.BUFG_DRCK/Ext_JTAG_DRCK}] -add {CLOCKREGION_X0Y0:CLOCKREGION_X0Y0 CLOCKREGION_X1Y0:CLOCKREGION_X1Y0}
#endgroup

# Clock net "canteloupe_i/clk_wiz_1/inst/clk_out4" driven by instance "canteloupe_i/clk_wiz_1/inst/clkout4_buf" located at site "BUFGCTRL_X0Y16"
#startgroup
create_pblock {CLKAG_canteloupe_i/clk_wiz_1/inst/clk_out4}
add_cells_to_pblock [get_pblocks  {CLKAG_canteloupe_i/clk_wiz_1/inst/clk_out4}] [get_cells -filter { PRIMITIVE_GROUP != I/O && IS_PRIMITIVE==1 && PRIMITIVE_LEVEL !=INTERNAL && NAME!=refclk_0_OBUF_inst} -of_object [get_pins -filter {DIRECTION==IN} -of_objects [get_nets -hierarchical -filter {PARENT=="canteloupe_i/clk_wiz_1/inst/clk_out4"}]]]
resize_pblock [get_pblocks {CLKAG_canteloupe_i/clk_wiz_1/inst/clk_out4}] -add {CLOCKREGION_X0Y1:CLOCKREGION_X0Y1 CLOCKREGION_X0Y3:CLOCKREGION_X0Y3 CLOCKREGION_X1Y2:CLOCKREGION_X1Y2 CLOCKREGION_X1Y3:CLOCKREGION_X1Y3}
#endgroup

# Clock net "canteloupe_i/clk_wiz_1/inst/clk_out3" driven by instance "canteloupe_i/clk_wiz_1/inst/clkout3_buf" located at site "BUFGCTRL_X0Y19"
#startgroup
create_pblock {CLKAG_canteloupe_i/clk_wiz_1/inst/clk_out3}
add_cells_to_pblock [get_pblocks  {CLKAG_canteloupe_i/clk_wiz_1/inst/clk_out3}] [get_cells -filter { PRIMITIVE_GROUP != I/O && IS_PRIMITIVE==1 && PRIMITIVE_LEVEL !=INTERNAL } -of_object [get_pins -filter {DIRECTION==IN} -of_objects [get_nets -hierarchical -filter {PARENT=="canteloupe_i/clk_wiz_1/inst/clk_out3"}]]]
resize_pblock [get_pblocks {CLKAG_canteloupe_i/clk_wiz_1/inst/clk_out3}] -add {CLOCKREGION_X0Y1:CLOCKREGION_X0Y1 CLOCKREGION_X0Y2:CLOCKREGION_X0Y2 CLOCKREGION_X0Y3:CLOCKREGION_X0Y3 CLOCKREGION_X1Y2:CLOCKREGION_X1Y2}
#endgroup

# Clock net "canteloupe_i/clk_wiz_1/inst/clk_out2" driven by instance "canteloupe_i/clk_wiz_1/inst/clkout2_buf" located at site "BUFGCTRL_X0Y17"
#startgroup
create_pblock {CLKAG_canteloupe_i/clk_wiz_1/inst/clk_out2}
add_cells_to_pblock [get_pblocks  {CLKAG_canteloupe_i/clk_wiz_1/inst/clk_out2}] [get_cells -filter { PRIMITIVE_GROUP != I/O && IS_PRIMITIVE==1 && PRIMITIVE_LEVEL !=INTERNAL && NAME!=canteloupe_i/mig_7series_0/u_canteloupe_mig_7series_0_0_mig/u_ddr2_infrastructure/plle2_i} -of_object [get_pins -filter {DIRECTION==IN} -of_objects [get_nets -hierarchical -filter {PARENT=="canteloupe_i/clk_wiz_1/inst/clk_out2"}]]]
resize_pblock [get_pblocks {CLKAG_canteloupe_i/clk_wiz_1/inst/clk_out2}] -add {CLOCKREGION_X0Y2:CLOCKREGION_X0Y2 CLOCKREGION_X1Y1:CLOCKREGION_X1Y1}
#endgroup

# Clock net "canteloupe_i/clk_wiz_1/inst/clk_out1" driven by instance "canteloupe_i/clk_wiz_1/inst/clkout1_buf" located at site "BUFGCTRL_X0Y18"
#startgroup
create_pblock {CLKAG_canteloupe_i/clk_wiz_1/inst/clk_out1}
add_cells_to_pblock [get_pblocks  {CLKAG_canteloupe_i/clk_wiz_1/inst/clk_out1}] [get_cells -filter { PRIMITIVE_GROUP != I/O && IS_PRIMITIVE==1 && PRIMITIVE_LEVEL !=INTERNAL } -of_object [get_pins -filter {DIRECTION==IN} -of_objects [get_nets -hierarchical -filter {PARENT=="canteloupe_i/clk_wiz_1/inst/clk_out1"}]]]
resize_pblock [get_pblocks {CLKAG_canteloupe_i/clk_wiz_1/inst/clk_out1}] -add {CLOCKREGION_X0Y0:CLOCKREGION_X0Y0 CLOCKREGION_X0Y1:CLOCKREGION_X0Y1 CLOCKREGION_X0Y2:CLOCKREGION_X0Y2 CLOCKREGION_X0Y3:CLOCKREGION_X0Y3 CLOCKREGION_X1Y0:CLOCKREGION_X1Y0 CLOCKREGION_X1Y1:CLOCKREGION_X1Y1 CLOCKREGION_X1Y2:CLOCKREGION_X1Y2 CLOCKREGION_X1Y3:CLOCKREGION_X1Y3}
#endgroup
